=== Sat Feb 28 06:00:00 CST 2026 ===
failed to store: -61
Already up to date.
Fetching clan #J2RGCRVG...
Updated site.json: members=18, score=53890, warTrophies=40, donations/wk=1564, totalTrophies=124386, avgLevel=40.0
Wrote 18 members to roster.json (updated: 2026-02-28T12:00:01Z)
Wrote 18 members to roster-extra.csv
[main 8b9a01c] Auto-update clan data [2026-02-28]
 4 files changed, 60 insertions(+), 33 deletions(-)
 create mode 100644 scripts/auto-update.log
 create mode 100755 scripts/auto-update.sh
failed to store: -61
To https://github.com/jthingelstad/poapkings.com.git
   a5304e4..8b9a01c  main -> main
Pushed.
=== Sun Mar  1 06:01:03 CST 2026 ===
failed to store: -61
Already up to date.
Fetching clan #J2RGCRVG...
Updated site.json: members=19, score=55428, warTrophies=40, donations/wk=1776, totalTrophies=130309, avgLevel=39.7
Wrote 19 members to roster.json (updated: 2026-03-01T12:01:11Z)
Wrote 19 members to roster-extra.csv
  New member(s): 202L9CL2V0
[main b6e1fa5] Auto-update clan data [2026-03-01]
 4 files changed, 83 insertions(+), 50 deletions(-)
failed to store: -61
To https://github.com/jthingelstad/poapkings.com.git
   8b9a01c..b6e1fa5  main -> main
Pushed.
=== Mon Mar  2 06:01:39 CST 2026 ===
failed to store: -61
Already up to date.
Fetching clan #J2RGCRVG...
Updated site.json: members=18, score=54064, warTrophies=140, donations/wk=30, totalTrophies=124736, avgLevel=40.1
Wrote 18 members to roster.json (updated: 2026-03-02T12:01:40Z)
Wrote 18 members to roster-extra.csv
[main 8837fbf] Auto-update clan data [2026-03-02]
 4 files changed, 68 insertions(+), 72 deletions(-)
failed to store: -61
To https://github.com/jthingelstad/poapkings.com.git
   70a406d..8837fbf  main -> main
Pushed.
=== Tue Mar  3 06:01:32 CST 2026 ===
failed to store: -61
Already up to date.
Fetching clan #J2RGCRVG...
Updated site.json: members=18, score=57519, warTrophies=140, donations/wk=212, totalTrophies=132730, avgLevel=42.5
Wrote 18 members to roster.json (updated: 2026-03-03T12:01:33Z)
Wrote 18 members to roster-extra.csv
  New member(s): C920YGLC2
